--- before
+++ after
@@ -47 +47 @@
 47
 48
 49
-50
+fifty
 51
-52
+fifty-two
 53
 54
 55
@@ -68 +68 @@
 68
 69
 70
-71
-72
-73
-74
-75
-76
-77
-78
-79
-80
 81
 82
 83
@@ -88 +78 @@
 88
 89
 90
-91
-92
-93
-94
-95
-96
-97
-98
-99
+181
+182
+183
+184
+185
+186
+187
+188
+189
