
./octez-client --protocol ProtoALphaALphaALphaALphaALphaALphaALphaALphaDdp3zK --mode mockup --no-base-dir-warnings typecheck script tests_python/contracts_alpha/opcodes/first.tz --details
Well typed
Gas remaining: 1039995.098 units remaining
{ parameter (list nat) ;
  storage nat ;
  code { CAR
         /* [ list nat ] */ ;
         IF_CONS { DIP { DROP /* [] */ } /* [ nat ] */ } { FAIL } ;
         NIL operation
         /* [ list operation : nat ] */ ;
         PAIR
         /* [ pair (list operation) nat ] */ } }
