
./octez-client --protocol ProtoALphaALphaALphaALphaALphaALphaALphaALphaDdp3zK --mode mockup --no-base-dir-warnings typecheck script tests_python/contracts_alpha/opcodes/set_size.tz --details
Well typed
Gas remaining: 1039997.360 units remaining
{ parameter (set int) ;
  storage nat ;
  code { CAR
         /* [ set int ] */ ;
         SIZE
         /* [ nat ] */ ;
         NIL operation
         /* [ list operation : nat ] */ ;
         PAIR
         /* [ pair (list operation) nat ] */ } }
