
./octez-client --protocol ProtoALphaALphaALphaALphaALphaALphaALphaALphaDdp3zK --mode mockup --no-base-dir-warnings typecheck script tests_python/contracts_alpha/opcodes/and.tz --details
Well typed
Gas remaining: 1039995.193 units remaining
{ parameter (pair :param (bool %first) (bool %second)) ;
  storage (option bool) ;
  code { CAR
         /* [ pair bool bool ] */ ;
         UNPAIR
         /* [ bool : bool ] */ ;
         AND @and
         /* [ bool ] */ ;
         SOME @res
         /* [ option bool ] */ ;
         NIL @noop operation
         /* [ list operation : option bool ] */ ;
         PAIR
         /* [ pair (list operation) (option bool) ] */ ;
         UNPAIR @x @y
         /* [ list operation : option bool ] */ ;
         PAIR %a %b
         /* [ pair (list operation) (option bool) ] */ } }
