
./octez-client --protocol ProtoALphaALphaALphaALphaALphaALphaALphaALphaDdp3zK --mode mockup --no-base-dir-warnings typecheck script tests_python/contracts_alpha/opcodes/add_delta_timestamp.tz --details
Well typed
Gas remaining: 1039994.398 units remaining
{ parameter (pair int timestamp) ;
  storage (option timestamp) ;
  code { CAR
         /* [ pair int timestamp ] */ ;
         DUP
         /* [ pair int timestamp : pair int timestamp ] */ ;
         CAR
         /* [ int : pair int timestamp ] */ ;
         DIP { CDR /* [ timestamp ] */ }
         /* [ int : timestamp ] */ ;
         ADD
         /* [ timestamp ] */ ;
         SOME
         /* [ option timestamp ] */ ;
         NIL operation
         /* [ list operation : option timestamp ] */ ;
         PAIR
         /* [ pair (list operation) (option timestamp) ] */ } }
