
./octez-client --protocol ProtoALphaALphaALphaALphaALphaALphaALphaALphaDdp3zK --mode mockup --no-base-dir-warnings typecheck script tests_python/contracts_alpha/opcodes/and_binary.tz --details
Well typed
Gas remaining: 1039972.796 units remaining
{ parameter unit ;
  storage unit ;
  code { DROP
         /* [] */ ;
         PUSH nat 5
         /* [ nat ] */ ;
         PUSH nat 6
         /* [ nat : nat ] */ ;
         AND
         /* [ nat ] */ ;
         PUSH nat 4
         /* [ nat : nat ] */ ;
         ASSERT_CMPEQ ;
         PUSH nat 6
         /* [ nat ] */ ;
         PUSH int 5
         /* [ int : nat ] */ ;
         AND
         /* [ nat ] */ ;
         PUSH nat 4
         /* [ nat : nat ] */ ;
         ASSERT_CMPEQ ;
         PUSH nat 12
         /* [ nat ] */ ;
         PUSH int -1
         /* [ int : nat ] */ ;
         AND
         /* [ nat ] */ ;
         PUSH nat 12
         /* [ nat : nat ] */ ;
         ASSERT_CMPEQ ;
         PUSH nat 12
         /* [ nat ] */ ;
         PUSH int -5
         /* [ int : nat ] */ ;
         AND
         /* [ nat ] */ ;
         PUSH nat 8
         /* [ nat : nat ] */ ;
         ASSERT_CMPEQ ;
         UNIT
         /* [ unit ] */ ;
         NIL @noop operation
         /* [ list operation : unit ] */ ;
         PAIR
         /* [ pair (list operation) unit ] */ } }
