
./octez-client --protocol ProtoALphaALphaALphaALphaALphaALphaALphaALphaDdp3zK --mode mockup --no-base-dir-warnings typecheck script tests_python/contracts_alpha/opcodes/ticket_bad.tz --details
Well typed
Gas remaining: 1039997.763 units remaining
{ parameter unit ;
  storage (ticket nat) ;
  code { CDR
         /* [ ticket nat ] */ ;
         NIL operation
         /* [ list operation : ticket nat ] */ ;
         PAIR
         /* [ pair (list operation) (ticket nat) ] */ } }
