
./octez-client --protocol ProtoALphaALphaALphaALphaALphaALphaALphaALphaDdp3zK --mode mockup --no-base-dir-warnings typecheck script michelson_test_scripts/opcodes/voting_power.tz --details
Well typed
Gas remaining: 1039995.193 units remaining
{ parameter key ;
  storage (pair nat nat) ;
  code { CAR
         /* [ key ] */ ;
         HASH_KEY
         /* [ key_hash ] */ ;
         VOTING_POWER
         /* [ nat ] */ ;
         DIP { TOTAL_VOTING_POWER /* [ nat ] */ }
         /* [ nat : nat ] */ ;
         PAIR
         /* [ pair nat nat ] */ ;
         NIL operation
         /* [ list operation : pair nat nat ] */ ;
         PAIR
         /* [ pair (list operation) nat nat ] */ } }
