
./octez-client --protocol ProtoALphaALphaALphaALphaALphaALphaALphaALphaDdp3zK --mode mockup --no-base-dir-warnings typecheck script michelson_test_scripts/opcodes/iter_fail.tz --details
Well typed
Gas remaining: 1039996.874 units remaining
{ parameter (set nat) ;
  storage unit ;
  code { UNPAIR
         /* [ set nat : unit ] */ ;
         ITER { FAILWITH /* [] */ }
         /* [ unit ] */ ;
         NIL operation
         /* [ list operation : unit ] */ ;
         PAIR
         /* [ pair (list operation) unit ] */ } }
