
./octez-client --protocol ProtoALphaALphaALphaALphaALphaALphaALphaALphaDdp3zK --mode mockup --no-base-dir-warnings typecheck script michelson_test_scripts/opcodes/view_op_nonexistent_func.tz --details
Well typed
Gas remaining: 1039993.859 units remaining
{ parameter (pair nat address) ;
  storage bool ;
  code { CAR
         /* [ pair nat address ] */ ;
         UNPAIR
         /* [ nat : address ] */ ;
         VIEW "not_exist" bool
         /* [ option bool ] */ ;
         IF_SOME
           { DROP /* [] */ ; PUSH bool True /* [ bool ] */ }
           { PUSH bool False /* [ bool ] */ } ;
         NIL operation
         /* [ list operation : bool ] */ ;
         PAIR
         /* [ pair (list operation) bool ] */ } }
