
./octez-client --protocol PtLimaPtLMwfNinJi9rCfDPWea8dFgTZ1MeJ9f1m2SRic6ayiwW --mode mockup --no-base-dir-warnings typecheck script tests_python/contracts_015/opcodes/view_fib.tz --details
Well typed
Gas remaining: 1039994.630 units remaining
{ parameter (pair nat address) ;
  storage nat ;
  code { CAR
         /* [ pair nat address ] */ ;
         UNPAIR
         /* [ nat : address ] */ ;
         VIEW "fib" nat
         /* [ option nat ] */ ;
         IF_SOME
           { NIL operation
             /* [ list operation : nat ] */ ;
             PAIR
             /* [ pair (list operation) nat ] */ }
           { FAIL } } }
