
./octez-client --protocol PtLimaPtLMwfNinJi9rCfDPWea8dFgTZ1MeJ9f1m2SRic6ayiwW --mode mockup --no-base-dir-warnings typecheck script tests_python/contracts_015/opcodes/left_right.tz --details
Well typed
Gas remaining: 1039995.570 units remaining
{ parameter (or bool string) ;
  storage (or string bool) ;
  code { CAR
         /* [ or bool string ] */ ;
         IF_LEFT
           { RIGHT string /* [ or string bool ] */ }
           { LEFT bool /* [ or string bool ] */ } ;
         NIL operation
         /* [ list operation : or string bool ] */ ;
         PAIR
         /* [ pair (list operation) (or string bool) ] */ } }
