
./octez-client --protocol PtLimaPtLMwfNinJi9rCfDPWea8dFgTZ1MeJ9f1m2SRic6ayiwW --mode mockup --no-base-dir-warnings typecheck script tests_python/contracts_015/opcodes/view_rec.tz --details
Well typed
Gas remaining: 1039988.440 units remaining
{ parameter unit ;
  storage unit ;
  view "loop"
       address
       never
       { CAR
         /* [ address ] */ ;
         DUP
         /* [ address : address ] */ ;
         VIEW "loop" never
         /* [ option never ] */ ;
         ASSERT_SOME } ;
  code { CDR
         /* [ unit ] */ ;
         SELF
         /* [ contract unit : unit ] */ ;
         ADDRESS
         /* [ address : unit ] */ ;
         DUP
         /* [ address : address : unit ] */ ;
         VIEW "loop" never
         /* [ option never : unit ] */ ;
         ASSERT_SOME ;
         DROP
         /* [ unit ] */ ;
         NIL operation
         /* [ list operation : unit ] */ ;
         PAIR
         /* [ pair (list operation) unit ] */ } }
