
./octez-client --protocol PtMumbai2TmsJHNGRkD8v8YDbtao7BLUC3wjASn1inAKLFCjaH1 --mode mockup --no-base-dir-warnings typecheck script michelson_test_scripts/opcodes/bls12_381_fr_to_int.tz --details
Well typed
Gas remaining: 1039997.443 units remaining
{ parameter bls12_381_fr ;
  storage int ;
  code { CAR
         /* [ bls12_381_fr ] */ ;
         INT
         /* [ int ] */ ;
         NIL operation
         /* [ list operation : int ] */ ;
         PAIR
         /* [ pair (list operation) int ] */ } }
