
./octez-client --protocol PtMumbai2TmsJHNGRkD8v8YDbtao7BLUC3wjASn1inAKLFCjaH1 --mode mockup --no-base-dir-warnings typecheck script michelson_test_scripts/mini_scenarios/receive_tickets_in_big_map.tz --details
Well typed
Gas remaining: 1039997.029 units remaining
{ parameter (big_map int (ticket string)) ;
  storage (big_map int (ticket string)) ;
  code { CAR
         /* [ big_map int (ticket string) ] */ ;
         NIL operation
         /* [ list operation : big_map int (ticket string) ] */ ;
         PAIR
         /* [ pair (list operation) (big_map int (ticket string)) ] */ } }
