
./octez-client --protocol PtNairobiyssHuh87hEhfVBGCVrK3WnS8Z2FT4ymB5tAa4r1nQf --mode mockup --no-base-dir-warnings typecheck script michelson_test_scripts/opcodes/list_concat.tz --details
Well typed
Gas remaining: 1039996.374 units remaining
{ parameter (list string) ;
  storage string ;
  code { UNPAIR
         /* [ list string : string ] */ ;
         SWAP
         /* [ string : list string ] */ ;
         CONS
         /* [ list string ] */ ;
         CONCAT
         /* [ string ] */ ;
         NIL operation
         /* [ list operation : string ] */ ;
         PAIR
         /* [ pair (list operation) string ] */ } }
