
./octez-client --protocol PtNairobiyssHuh87hEhfVBGCVrK3WnS8Z2FT4ymB5tAa4r1nQf --mode mockup --no-base-dir-warnings typecheck script michelson_test_scripts/attic/create_add1_lists.tz --details
Well typed
Gas remaining: 1039989.990 units remaining
{ parameter unit ;
  storage address ;
  code { DROP
         /* [] */ ;
         NIL int /* [ list int ] */
         /* [ list int ] */ ;
         AMOUNT
         /* [ list int ] */ ;
         NONE key_hash /* [ int : int ] */
         /* [ option key_hash : mutez : list int ] */ ;
         CREATE_CONTRACT
           { parameter (list int /* [ list operation : list int ] */)
             /* [ int ] */ ;
             storage (list int)
             /* [ pair (list operation) (list int) ] */ ;
             code { CAR ; MAP { PUSH int 1 ; ADD } ; NIL operation ; PAIR } }
         /* [ operation : address ] */ ;
         NIL operation
         /* [ list operation : operation : address ] */ ;
         SWAP
         /* [ operation : list operation : address ] */ ;
         CONS
         /* [ list operation : address ] */ ;
         PAIR
         /* [ pair (list operation) address ] */ } }
