
./octez-client --protocol PtNairobiyssHuh87hEhfVBGCVrK3WnS8Z2FT4ymB5tAa4r1nQf --mode mockup --no-base-dir-warnings typecheck script michelson_test_scripts/non_regression/pairk_annot.tz --details
Well typed
Gas remaining: 1039993.678 units remaining
{ parameter unit ;
  storage unit ;
  code { SENDER
         /* [ address : pair unit unit ] */ ;
         SOURCE
         /* [ address : address : pair unit unit ] */ ;
         PAIR 2
         /* [ pair address address : pair unit unit ] */ ;
         SOURCE
         /* [ address : pair address address : pair unit unit ] */ ;
         SENDER
         /* [ address : address : pair address address : pair unit unit ] */ ;
         PAIR 2
         /* [ pair address address : pair address address : pair unit unit ] */ ;
         COMPARE
         /* [ int : pair unit unit ] */ ;
         DROP
         /* [ pair unit unit ] */ ;
         CDR
         /* [ unit ] */ ;
         NIL operation
         /* [ list operation : unit ] */ ;
         PAIR
         /* [ pair (list operation) unit ] */ } }
