
./octez-client --protocol PtNairobiyssHuh87hEhfVBGCVrK3WnS8Z2FT4ymB5tAa4r1nQf --mode mockup --no-base-dir-warnings typecheck script michelson_test_scripts/opcodes/update_big_map.tz --details
Well typed
Gas remaining: 1039993.471 units remaining
{ storage (pair (big_map string string) unit) ;
  parameter (map string (option string)) ;
  code { UNPAPAIR ;
         ITER { UNPAIR
                /* [ string : option string : big_map string string : unit ] */ ;
                UPDATE
                /* [ big_map string string : unit ] */ }
         /* [ big_map string string : unit ] */ ;
         PAIR
         /* [ pair (big_map string string) unit ] */ ;
         NIL operation
         /* [ list operation : pair (big_map string string) unit ] */ ;
         PAIR
         /* [ pair (list operation) (big_map string string) unit ] */ } }
