
./octez-client --protocol PtNairobiyssHuh87hEhfVBGCVrK3WnS8Z2FT4ymB5tAa4r1nQf --mode mockup --no-base-dir-warnings typecheck script michelson_test_scripts/opcodes/add_bls12_381_g1.tz --details
Well typed
Gas remaining: 1039996.129 units remaining
{ parameter (pair bls12_381_g1 bls12_381_g1) ;
  storage (option bls12_381_g1) ;
  code { CAR
         /* [ pair bls12_381_g1 bls12_381_g1 ] */ ;
         UNPAIR
         /* [ bls12_381_g1 : bls12_381_g1 ] */ ;
         ADD
         /* [ bls12_381_g1 ] */ ;
         SOME
         /* [ option bls12_381_g1 ] */ ;
         NIL operation
         /* [ list operation : option bls12_381_g1 ] */ ;
         PAIR
         /* [ pair (list operation) (option bls12_381_g1) ] */ } }
