
./octez-client --protocol ProtoALphaALphaALphaALphaALphaALphaALphaALphaDdp3zK --mode mockup --no-base-dir-warnings run script ./tests_python/contracts_alpha/opcodes/set_iter.tz on storage 111 and input '{ -100 ; 1 ; 2 ; 3 }' --level 1 --trace-stack
storage
  -94
emitted operations
  
big_map diff
  
trace
  - location: 8 (just consumed gas: 7.727)
    [ (Pair { -100 ; 1 ; 2 ; 3 } 111) ]
  - location: 8 (just consumed gas: 0.010)
    [ { -100 ; 1 ; 2 ; 3 } ]
  - location: 9 (just consumed gas: 0.010)
    [ 0
      { -100 ; 1 ; 2 ; 3 } ]
  - location: 12 (just consumed gas: 0.010)
    [ { -100 ; 1 ; 2 ; 3 }
      0 ]
  - location: 13 (just consumed gas: 0)
    [ -100
      0 ]
  - location: 15 (just consumed gas: 0.035)
    [ -100 ]
  - location: 13 (just consumed gas: 0.015)
    [ 1
      -100 ]
  - location: 15 (just consumed gas: 0.035)
    [ -99 ]
  - location: 13 (just consumed gas: 0.015)
    [ 2
      -99 ]
  - location: 15 (just consumed gas: 0.035)
    [ -97 ]
  - location: 13 (just consumed gas: 0.015)
    [ 3
      -97 ]
  - location: 15 (just consumed gas: 0.035)
    [ -94 ]
  - location: 13 (just consumed gas: 0.015)
    [ -94 ]
  - location: 16 (just consumed gas: 0.010)
    [ {}
      -94 ]
  - location: 18 (just consumed gas: 0.010)
    [ (Pair {} -94) ]

