
./octez-client --protocol ProtoALphaALphaALphaALphaALphaALphaALphaALphaDdp3zK --mode mockup --no-base-dir-warnings run script ./tests_python/contracts_alpha/opcodes/xor.tz on storage None and input 'Right (Pair 1 1)' --level 1 --trace-stack
storage
  (Some (Right 0))
emitted operations
  
big_map diff
  
trace
  - location: 16 (just consumed gas: 11.026)
    [ (Pair (Right (Pair 1 1)) None) ]
  - location: 16 (just consumed gas: 0.010)
    [ (Right (Pair 1 1)) ]
  - location: 17 (just consumed gas: 0)
    [ (Pair 1 1) ]
  - location: 24 (just consumed gas: 0.010)
    [ 1
      1 ]
  - location: 25 (just consumed gas: 0.035)
    [ 0 ]
  - location: 26 (just consumed gas: 0.010)
    [ (Right 0) ]
  - location: 17 (just consumed gas: 0.015)
    [ (Right 0) ]
  - location: 28 (just consumed gas: 0.010)
    [ (Some (Right 0)) ]
  - location: 29 (just consumed gas: 0.010)
    [ {}
      (Some (Right 0)) ]
  - location: 31 (just consumed gas: 0.010)
    [ (Pair {} (Some (Right 0))) ]

