
./octez-client --protocol ProtoALphaALphaALphaALphaALphaALphaALphaALphaDdp3zK --mode mockup --no-base-dir-warnings run script ./tests_python/contracts_alpha/opcodes/xor.tz on storage None and input 'Left (Pair False True)' --level 1 --trace-stack
storage
  (Some (Left True))
emitted operations
  
big_map diff
  
trace
  - location: 16 (just consumed gas: 11.026)
    [ (Pair (Left (Pair False True)) None) ]
  - location: 16 (just consumed gas: 0.010)
    [ (Left (Pair False True)) ]
  - location: 17 (just consumed gas: 0)
    [ (Pair False True) ]
  - location: 19 (just consumed gas: 0.010)
    [ False
      True ]
  - location: 20 (just consumed gas: 0.015)
    [ True ]
  - location: 21 (just consumed gas: 0.010)
    [ (Left True) ]
  - location: 17 (just consumed gas: 0.015)
    [ (Left True) ]
  - location: 28 (just consumed gas: 0.010)
    [ (Some (Left True)) ]
  - location: 29 (just consumed gas: 0.010)
    [ {}
      (Some (Left True)) ]
  - location: 31 (just consumed gas: 0.010)
    [ (Pair {} (Some (Left True))) ]

