
./octez-client --protocol PtLimaPtLMwfNinJi9rCfDPWea8dFgTZ1MeJ9f1m2SRic6ayiwW --mode mockup --no-base-dir-warnings run script ./tests_python/contracts_015/opcodes/get_map_value.tz on storage '(Pair None { Elt "1" "one" ; Elt "2" "two" })' and input '"1"' --level 1 --trace-stack
storage
  (Pair (Some "one") { Elt "1" "one" ; Elt "2" "two" })
emitted operations
  
big_map diff
  
trace
  - location: 12 (remaining gas: 1039988.811 units remaining)
    [ (Pair "1" None { Elt "1" "one" ; Elt "2" "two" }) ]
  - location: 12 (remaining gas: 1039988.801 units remaining)
    [ (Pair "1" None { Elt "1" "one" ; Elt "2" "two" })
      (Pair "1" None { Elt "1" "one" ; Elt "2" "two" }) ]
  - location: 13 (remaining gas: 1039988.791 units remaining)
    [ "1"
      (Pair "1" None { Elt "1" "one" ; Elt "2" "two" }) ]
  - location: 14 (remaining gas: 1039988.791 units remaining)
    [ (Pair "1" None { Elt "1" "one" ; Elt "2" "two" }) ]
  - location: 17 (remaining gas: 1039988.781 units remaining)
    [ (Pair None { Elt "1" "one" ; Elt "2" "two" }) ]
  - location: 18 (remaining gas: 1039988.771 units remaining)
    [ { Elt "1" "one" ; Elt "2" "two" } ]
  - location: 19 (remaining gas: 1039988.761 units remaining)
    [ { Elt "1" "one" ; Elt "2" "two" }
      { Elt "1" "one" ; Elt "2" "two" } ]
  - location: 14 (remaining gas: 1039988.736 units remaining)
    [ "1"
      { Elt "1" "one" ; Elt "2" "two" }
      { Elt "1" "one" ; Elt "2" "two" } ]
  - location: 20 (remaining gas: 1039988.653 units remaining)
    [ (Some "one")
      { Elt "1" "one" ; Elt "2" "two" } ]
  - location: 21 (remaining gas: 1039988.643 units remaining)
    [ (Pair (Some "one") { Elt "1" "one" ; Elt "2" "two" }) ]
  - location: 22 (remaining gas: 1039988.633 units remaining)
    [ {}
      (Pair (Some "one") { Elt "1" "one" ; Elt "2" "two" }) ]
  - location: 24 (remaining gas: 1039988.623 units remaining)
    [ (Pair {} (Some "one") { Elt "1" "one" ; Elt "2" "two" }) ]

