
./octez-client --protocol PtLimaPtLMwfNinJi9rCfDPWea8dFgTZ1MeJ9f1m2SRic6ayiwW --mode mockup --no-base-dir-warnings run script ./tests_python/contracts_015/opcodes/ediv_mutez.tz on storage '(Left None)' and input '(Pair 10 (Right 10))' --level 1 --trace-stack
storage
  (Right (Some (Pair 1 0)))
emitted operations
  
big_map diff
  
trace
  - location: 19 (remaining gas: 1039985.991 units remaining)
    [ (Pair (Pair 10 (Right 10)) (Left None)) ]
  - location: 19 (remaining gas: 1039985.981 units remaining)
    [ (Pair 10 (Right 10)) ]
  - location: 20 (remaining gas: 1039985.971 units remaining)
    [ 10
      (Right 10) ]
  - location: 21 (remaining gas: 1039985.961 units remaining)
    [ (Right 10)
      10 ]
  - location: 22 (remaining gas: 1039985.961 units remaining)
    [ 10
      10 ]
  - location: 32 (remaining gas: 1039985.951 units remaining)
    [ 10
      10 ]
  - location: 33 (remaining gas: 1039985.881 units remaining)
    [ (Some (Pair 1 0)) ]
  - location: 34 (remaining gas: 1039985.871 units remaining)
    [ (Right (Some (Pair 1 0))) ]
  - location: 22 (remaining gas: 1039985.856 units remaining)
    [ (Right (Some (Pair 1 0))) ]
  - location: 39 (remaining gas: 1039985.846 units remaining)
    [ {}
      (Right (Some (Pair 1 0))) ]
  - location: 41 (remaining gas: 1039985.836 units remaining)
    [ (Pair {} (Right (Some (Pair 1 0)))) ]

