
./octez-client --protocol PtLimaPtLMwfNinJi9rCfDPWea8dFgTZ1MeJ9f1m2SRic6ayiwW --mode mockup --no-base-dir-warnings run script ./tests_python/contracts_015/opcodes/abs.tz on storage Unit and input 948 --level 1 --trace-stack
storage
  Unit
emitted operations
  
big_map diff
  
trace
  - location: 7 (remaining gas: 1039989.789 units remaining)
    [ (Pair 948 Unit) ]
  - location: 7 (remaining gas: 1039989.779 units remaining)
    [ 948 ]
  - location: 8 (remaining gas: 1039989.769 units remaining)
    [ 948
      948 ]
  - location: 9 (remaining gas: 1039989.743 units remaining)
    [ -948
      948 ]
  - location: 10 (remaining gas: 1039989.722 units remaining)
    [ 948
      948 ]
  - location: 11 (remaining gas: 1039989.687 units remaining)
    [ 0 ]
  - location: 13 (remaining gas: 1039989.677 units remaining)
    [ True ]
  - location: 14 (remaining gas: 1039989.677 units remaining)
    [  ]
  - location: 14 (remaining gas: 1039989.662 units remaining)
    [  ]
  - location: 20 (remaining gas: 1039989.652 units remaining)
    [ Unit ]
  - location: 21 (remaining gas: 1039989.642 units remaining)
    [ {}
      Unit ]
  - location: 23 (remaining gas: 1039989.632 units remaining)
    [ (Pair {} Unit) ]

