
./octez-client --protocol PtLimaPtLMwfNinJi9rCfDPWea8dFgTZ1MeJ9f1m2SRic6ayiwW --mode mockup --no-base-dir-warnings run script ./tests_python/contracts_015/opcodes/str_id.tz on storage None and input '"Hello"' --level 1 --trace-stack
storage
  (Some "Hello")
emitted operations
  
big_map diff
  
trace
  - location: 8 (remaining gas: 1039995.436 units remaining)
    [ (Pair "Hello" None) ]
  - location: 8 (remaining gas: 1039995.426 units remaining)
    [ "Hello" ]
  - location: 9 (remaining gas: 1039995.416 units remaining)
    [ (Some "Hello") ]
  - location: 10 (remaining gas: 1039995.406 units remaining)
    [ {}
      (Some "Hello") ]
  - location: 12 (remaining gas: 1039995.396 units remaining)
    [ (Pair {} (Some "Hello")) ]

