
./octez-client --protocol PtLimaPtLMwfNinJi9rCfDPWea8dFgTZ1MeJ9f1m2SRic6ayiwW --mode mockup --no-base-dir-warnings run script ./tests_python/contracts_015/opcodes/if_some.tz on storage '"?"' and input None --level 1 --trace-stack
storage
  ""
emitted operations
  
big_map diff
  
trace
  - location: 8 (remaining gas: 1039993.745 units remaining)
    [ (Pair None "?") ]
  - location: 8 (remaining gas: 1039993.735 units remaining)
    [ None ]
  - location: 10 (remaining gas: 1039993.735 units remaining)
    [  ]
  - location: 12 (remaining gas: 1039993.725 units remaining)
    [ "" ]
  - location: 10 (remaining gas: 1039993.710 units remaining)
    [ "" ]
  - location: 16 (remaining gas: 1039993.700 units remaining)
    [ {}
      "" ]
  - location: 18 (remaining gas: 1039993.690 units remaining)
    [ (Pair {} "") ]

