
./octez-client --protocol PtMumbai2TmsJHNGRkD8v8YDbtao7BLUC3wjASn1inAKLFCjaH1 --mode mockup --no-base-dir-warnings run script michelson_test_scripts/opcodes/set_size.tz on storage 111 and input '{ 1 }' --level 1 --trace-stack
storage
  1
emitted operations
  
big_map diff
  
trace
  - location: 8 (just consumed gas: 4.625)
    [ (Pair { 1 } 111) ]
  - location: 8 (just consumed gas: 0.010)
    [ { 1 } ]
  - location: 9 (just consumed gas: 0.010)
    [ 1 ]
  - location: 10 (just consumed gas: 0.010)
    [ {}
      1 ]
  - location: 12 (just consumed gas: 0.010)
    [ (Pair {} 1) ]

