
./octez-client --protocol PtNairobiyssHuh87hEhfVBGCVrK3WnS8Z2FT4ymB5tAa4r1nQf --mode mockup --no-base-dir-warnings run script michelson_test_scripts/opcodes/shifts.tz on storage None and input '(Right (Pair 0 0))' --level 1 --trace-stack
storage
  (Some 0)
emitted operations
  
big_map diff
  
trace
  - location: 14 (just consumed gas: 8.811)
    [ (Pair (Right (Pair 0 0)) None) ]
  - location: 14 (just consumed gas: 0.010)
    [ (Right (Pair 0 0)) ]
  - location: 15 (just consumed gas: 0)
    [ (Pair 0 0) ]
  - location: 20 (just consumed gas: 0.010)
    [ 0
      0 ]
  - location: 21 (just consumed gas: 0)
    [ 0 ]
  - location: 15 (just consumed gas: 0.015)
    [ 0 ]
  - location: 22 (just consumed gas: 0.010)
    [ (Some 0) ]
  - location: 23 (just consumed gas: 0.010)
    [ {}
      (Some 0) ]
  - location: 25 (just consumed gas: 0.010)
    [ (Pair {} (Some 0)) ]

