
./octez-client --protocol PtNairobiyssHuh87hEhfVBGCVrK3WnS8Z2FT4ymB5tAa4r1nQf --mode mockup --no-base-dir-warnings run script michelson_test_scripts/opcodes/map_mem_nat.tz on storage '(Pair { Elt 1 0 } None)' and input 1 --level 1 --trace-stack
storage
  (Pair { Elt 1 0 } (Some True))
emitted operations
  
big_map diff
  
trace
  - location: 12 (just consumed gas: 9.716)
    [ (Pair 1 { Elt 1 0 } None) ]
  - location: 12 (just consumed gas: 0.010)
    [ 1
      (Pair { Elt 1 0 } None) ]
  - location: 13 (just consumed gas: 0)
    [ (Pair { Elt 1 0 } None) ]
  - location: 15 (just consumed gas: 0.010)
    [ { Elt 1 0 } ]
  - location: 16 (just consumed gas: 0.010)
    [ { Elt 1 0 }
      { Elt 1 0 } ]
  - location: 13 (just consumed gas: 0.025)
    [ 1
      { Elt 1 0 }
      { Elt 1 0 } ]
  - location: 17 (just consumed gas: 0.080)
    [ True
      { Elt 1 0 } ]
  - location: 18 (just consumed gas: 0.010)
    [ (Some True)
      { Elt 1 0 } ]
  - location: 19 (just consumed gas: 0.010)
    [ { Elt 1 0 }
      (Some True) ]
  - location: 20 (just consumed gas: 0.010)
    [ (Pair { Elt 1 0 } (Some True)) ]
  - location: 21 (just consumed gas: 0.010)
    [ {}
      (Pair { Elt 1 0 } (Some True)) ]
  - location: 23 (just consumed gas: 0.010)
    [ (Pair {} { Elt 1 0 } (Some True)) ]

