
./octez-client --wait none originate smart rollup from bootstrap1 of kind arith of type bytes with kernel  --burn-cap 9999999
Node is bootstrapped.
Estimated gas: 2748.229 units (will add 100 for safety)
Estimated storage: 6552 bytes added (will add 20 for safety)
Operation successfully injected in the node.
Operation hash is '[OPERATION_HASH]'
NOT waiting for the operation to be included.
Use command
  octez-client wait for [OPERATION_HASH] to be included --confirmations 1 --branch [BLOCK_HASH]
and/or an external block explorer to make sure that it has been included.
This sequence of operations was run:
  Manager signed operations:
    From: [PUBLIC_KEY_HASH]
    Fee to the baker: ꜩ0.000633
    Expected counter: 1
    Gas limit: 2849
    Storage limit: 6572 bytes
    Balance updates:
      [PUBLIC_KEY_HASH] ... -ꜩ0.000633
      payload fees(the block proposer) ....... +ꜩ0.000633
    Smart rollup origination:
      Kind: arith
      Parameter type: bytes
      Kernel Blake2B hash: '0e5751c026e543b2e8ab2eb06099daa1d1e5df47778f7787faab45cdf12fe3a8'
      This smart rollup origination was successfully applied
      Consumed gas: 2748.229
      Storage size: 6552 bytes
      Address: [SMART_ROLLUP_HASH]
      Genesis commitment hash: [SC_ROLLUP_COMMITMENT_HASH]
      Balance updates:
        [PUBLIC_KEY_HASH] ... -ꜩ1.638
        storage fees ........................... +ꜩ1.638


./octez-client --wait none send smart rollup message 'hex:["3337204b54314e526e77786b703171704678706a564e7636714b444e4c4d633748793469794b5925617578"]' from bootstrap2
Node is bootstrapped.
Estimated gas: 1002.721 units (will add 100 for safety)
Estimated storage: no bytes added
Operation successfully injected in the node.
Operation hash is '[OPERATION_HASH]'
NOT waiting for the operation to be included.
Use command
  octez-client wait for [OPERATION_HASH] to be included --confirmations 1 --branch [BLOCK_HASH]
and/or an external block explorer to make sure that it has been included.
This sequence of operations was run:
  Manager signed operations:
    From: [PUBLIC_KEY_HASH]
    Fee to the baker: ꜩ0.000386
    Expected counter: 1
    Gas limit: 1103
    Storage limit: 0 bytes
    Balance updates:
      [PUBLIC_KEY_HASH] ... -ꜩ0.000386
      payload fees(the block proposer) ....... +ꜩ0.000386
    Smart rollup messages submission:
      This smart rollup messages submission was successfully applied
      Consumed gas: 1002.721


./octez-client --wait none execute outbox message of smart rollup '[SMART_ROLLUP_HASH]' from '[PUBLIC_KEY_HASH]' for commitment hash '[SC_ROLLUP_COMMITMENT_HASH]' and output proof 0x030002fa10a0d6706c3bf43b5c43a56a49ad1632ab74fd726fd4b29326976070d0ee1ffa10a0d6706c3bf43b5c43a56a49ad1632ab74fd726fd4b29326976070d0ee1f00100007d0030170000382066f7574707574810130c8bf1dd363ea01e68dcc907aa6b151279d7df8452a7da2bb7cf1c23c9458b696ff0c7061727365725f7374617465c8407f958990678e2e9fb06758bc6520dae46d838d39948a4c51a5b19bd079293dc0fa513fc9657217226bee9cf2242f01b8939ef07b7363a2c7ba435a57c2cbed83c07bdef93456b7a2f460e71a4482f214a38ed7f93a697dc7d2d0be9d9fefc54c65c0341f98e2e09c8e648e2ad9572b9a0a6c2fadeb87e5334650a4e0bb0abefd5f49fa10a0d6706c3bf43b5c43a56a49ad1632ab74fd726fd4b29326976070d0ee1f0000000500000000001f00250197df2be9ed7a1cc34521d82be23fe949a0f016900000000003617578 --burn-cap 10
Node is bootstrapped.
Estimated gas: 6403.929 units (will add 100 for safety)
Estimated storage: 5 bytes added (will add 20 for safety)
Operation successfully injected in the node.
Operation hash is '[OPERATION_HASH]'
NOT waiting for the operation to be included.
Use command
  octez-client wait for [OPERATION_HASH] to be included --confirmations 1 --branch [BLOCK_HASH]
and/or an external block explorer to make sure that it has been included.
This sequence of operations was run:
  Manager signed operations:
    From: [PUBLIC_KEY_HASH]
    Fee to the baker: ꜩ0.00127
    Expected counter: 2
    Gas limit: 6504
    Storage limit: 25 bytes
    Balance updates:
      [PUBLIC_KEY_HASH] ... -ꜩ0.00127
      payload fees(the block proposer) ....... +ꜩ0.00127
    Smart rollup output message execution:
      Address: [SMART_ROLLUP_HASH]
      Cemented commitment: [SC_ROLLUP_COMMITMENT_HASH]
      This smart output message execution was successfully applied
      Paid storage size diff: 5 bytes
      Consumed gas: 4750.516
      Balance updates:
        [PUBLIC_KEY_HASH] ... -ꜩ0.00125
        storage fees ........................... +ꜩ0.00125
      Internal operations:
        Internal Transaction:
          Amount: ꜩ0
          From: [SMART_ROLLUP_HASH]
          To: [CONTRACT_HASH]
          Entrypoint: aux
          Parameter: 37
          This transaction was successfully applied
          Updated storage: 37
          Storage size: 228 bytes
          Consumed gas: 1653.413

