

{
  "opponent": "tz1gjaF81ZRRvdzjobyfVNsAeSC6PScjfQwN",
  "start_tick": "0",
  "end_tick": "468",
  "dissection": [
    {
      "state": "srs136U2KJweAXf7Excw61Zeu5R5L7mi2TCb1WKkowQJ6UdHJ2VZWS",
      "tick": "0"
    },
    {
      "state": "srs132G8CfbsvsAHR8XnfsTxe8B5CrxUhyWKfThr82VmiC8T7cWfv3",
      "tick": "14"
    },
    {
      "state": "srs11wQrTRYfi1vod3AeMt8rTd4R77JKi1UzC1NqA75wSyaDcboPSq",
      "tick": "28"
    },
    {
      "state": "srs12WtBQDVvQPYVtzc1xy7vxSeW6eXuw2ibC7ccDEgjJy5StkSCVz",
      "tick": "42"
    },
    {
      "state": "srs12veP5ZoMbAnLN6E1CDbc68zegBKffZwDVMF8HkgMxqjHEgw6cv",
      "tick": "56"
    },
    {
      "state": "srs12CDrh74LzrQECD1BuXLQQtMZq5SciKaHFsLUg5VXMWz1yVaDAP",
      "tick": "70"
    },
    {
      "state": "srs12CnZ8euuC9F5pZMngDYmTn9VyWFCRYZ5CpcrrGvVd9oXhchRe9",
      "tick": "84"
    },
    {
      "state": "srs134N1C4XGFeWJ5RmnBeJY3ct7iD5FN5z1D9cYrkAKPtKSvyzZvb",
      "tick": "98"
    },
    {
      "state": "srs12Zb3pqHNYyYZmSXEZaEtuWG2oTkZvaTkRgPhM8dnTygQC5HDx7",
      "tick": "112"
    },
    {
      "state": "srs12V75WvxhJGFo84N1f3jBV2iXFE1QUFm9qDo9tEUgN4manakG12",
      "tick": "126"
    },
    {
      "state": "srs11tKy8pKjvsqJHhFNbrNVW32GdWeSHxjtiGKSkp5mRmJ1HU7aTi",
      "tick": "140"
    },
    {
      "state": "srs139mNPHhRDsZNyvDezuqqZuunuZTMb6C2xice81n6RY7oegcnvQ",
      "tick": "154"
    },
    {
      "state": "srs12YH7NydtfrrVBEaXERgsamWB42JthRtP1pbJktGDUa1KaWXmm4",
      "tick": "168"
    },
    {
      "state": "srs12FSbfy1x4B6LHgykU6oXPLHU9qSR429Wwxt6GeisLg4VtgdoXr",
      "tick": "182"
    },
    {
      "state": "srs12UDFsWJzTyr7eBA1x6UjQTM2jsJsQpqRjKWQmnjdWR2Aw41WPb",
      "tick": "196"
    },
    {
      "state": "srs12YHcmZamW2tS3zERy1DSLtfCtV9wM9C4B3m9rX4LasLxNTAZ3X",
      "tick": "210"
    },
    {
      "state": "srs11xtaeRauNLTytmuhQ7u7ACAGGmjCKNbXSknT1CRUXRtsRvHUpd",
      "tick": "224"
    },
    {
      "state": "srs11haf2EmgEc8DdHMnwv9j1ooxfi72mY4CXvCuuP57iXUpHpSu61",
      "tick": "238"
    },
    {
      "state": "srs11TFfMFYA9aWaobjvRuy76WxECjbZPznAEbTXyejVmruSSpXLyP",
      "tick": "252"
    },
    {
      "state": "srs11qcKogF8uZMaS29SRMdp6iHU9i5yiieaW1qcZa7nFfRbXEkkzC",
      "tick": "266"
    },
    {
      "state": "srs13Grrw9J35gdSDvmMz9gKsiEwd3qXerSSnfqkvbvBq5G6i28JjB",
      "tick": "280"
    },
    {
      "state": "srs11UB6LM6uAdSQYCYQ6Nr1PW1gveSD3JcC2rwPAmeuZ7u7cNVMwo",
      "tick": "294"
    },
    {
      "state": "srs11jZG6CxbWMgTfmmcXYg6zFbRaJJzMEDDuX8RnJLzThHyxC6mJQ",
      "tick": "308"
    },
    {
      "state": "srs12QN4E3EJRc9JF568mj2ovL11UCTFk3fvjkJKcXPL5xJtnpCF1r",
      "tick": "322"
    },
    {
      "state": "srs11exSEduqXEVNkTcsaEy8spThhEndLY4SPJm8vzDcBRXo5GWhD9",
      "tick": "336"
    },
    {
      "state": "srs12NuyQqUS6eHALFkwpAVSntSSbKncAA6yNzRmssFU8mbY4nEPVY",
      "tick": "350"
    },
    {
      "state": "srs11Yt49K1G8S4oipgvZdr9wi3kMCVn8WmKgnnV9KS5BJ4hdXCaWi",
      "tick": "364"
    },
    {
      "state": "srs12qyoM7nkdDyxkyPG2SMQfrDL7g3HBx5y6va5bt1GVBEweZv1Yt",
      "tick": "378"
    },
    {
      "state": "srs12cB9QNXc8b8KGmHWSXEneERcnPacnTA3pWtHzHuK3QFJmAeJzA",
      "tick": "392"
    },
    {
      "state": "srs11XQZrXF8WUmmicnKfkQfoLXEfhu8jwUFkoSpD6zZ132pun27D8",
      "tick": "406"
    },
    {
      "tick": "420"
    },
    {
      "tick": "434"
    },
    {
      "tick": "468"
    }
  ]
}


{
  "opponent": "tz1gjaF81ZRRvdzjobyfVNsAeSC6PScjfQwN",
  "start_tick": "185",
  "end_tick": "186",
  "dissection": [
    {
      "state": "srs12rHj2ZkMiYtCsx1D2wbFEHksK8pyuqi4R45BZ2AcHVjyuuUwNM",
      "tick": "185"
    },
    {
      "state": "srs12HbD5k4th6VBKRyYvK74eGY35pBcodxAX2wv4nALG9o6UZbFXp",
      "tick": "186"
    }
  ]
}
