

{
  "opponent": "tz1gjaF81ZRRvdzjobyfVNsAeSC6PScjfQwN",
  "start_tick": "0",
  "end_tick": "578",
  "dissection": [
    {
      "state": "srs136U2KJweAXf7Excw61Zeu5R5L7mi2TCb1WKkowQJ6UdHJ2VZWS",
      "tick": "0"
    },
    {
      "state": "srs11e5id6GqJFbUHth8vSxqxA28HEMNGdLAMsDUU4Tzi4VLYA5P42",
      "tick": "18"
    },
    {
      "state": "srs134Gqti8C3H8AhQK9JESBPuhShQxJud9xEYUtHoZKqm5Hif4xdw",
      "tick": "36"
    },
    {
      "state": "srs11cABecd9m25CNFywSLV3bFqFfsg2NZXpFSCNcvRJkALHiK7XoY",
      "tick": "54"
    },
    {
      "state": "srs13JcGZ2Pp1bFmNri1C6MLfvxCgLURzXKTggGiwY4JxeUxMs67cf",
      "tick": "72"
    },
    {
      "state": "srs124GrwcEmmGVKg4aY3YF8JTRYNgm1wcQAKEZrW8NEgH6hniEHz8",
      "tick": "90"
    },
    {
      "state": "srs11sJn72ytU837w7c2zhZZaDWUP9YSWXFfhbnVtWUDVC9SE2Lrjd",
      "tick": "108"
    },
    {
      "state": "srs12fZPzkdt7mhtNESbFUpjd8PRUths7MLnN7bvzkeCPfz5yimzi5",
      "tick": "126"
    },
    {
      "state": "srs11v53sYqqc2oaK6DscGbtgbGMcpo6PEoNNjUiCpjfgetKo2wqzL",
      "tick": "144"
    },
    {
      "state": "srs129bfq7DGUhDjSWYokiFRoEKcDLg6VPd71BHwUhuTaNxpjtCgSD",
      "tick": "162"
    },
    {
      "state": "srs12ANn1GhTuh8S4W2GUTCkLr62Xz5RvzzhJpyCcb3wZXRRXuPZfv",
      "tick": "180"
    },
    {
      "state": "srs13F9o5hiYXk8yGGXYVzkWovoVtUxGTeMEuSdtKXEEnerCDBHK4K",
      "tick": "198"
    },
    {
      "state": "srs12HGTB2eyWz3qzr6rwpUx18gqnedZgjZkuTg9z3UAaKrcWUYYLU",
      "tick": "216"
    },
    {
      "state": "srs12AWrp292AJCGEkAqayHAhZGJztapc9a4xgkWq4B9JWWX4S6VkA",
      "tick": "234"
    },
    {
      "state": "srs123vAfuJp2ZnktweKbcwBTT9j8NWjTthvagtgTWzMjZsJ9Zgk9m",
      "tick": "252"
    },
    {
      "state": "srs12UbNCYGQ2RapCVPhYRT2jNK6fumHVgMoYUJBpMP9c5VA4dXZgc",
      "tick": "270"
    },
    {
      "state": "srs12hRoDJnRUAjjzhASMF4HJJDpppW4zffKEtTgKkWn5mKFRwPKgD",
      "tick": "288"
    },
    {
      "state": "srs12PU8wKoge4QzwXVwVdLZkWUefe8ooedRs8AtRgeGCWaXWgoXj7",
      "tick": "306"
    },
    {
      "state": "srs11dQF8to6RtENQPESJJU7yHTnWV3kbvSNYbe2rtrLjeECbYm8wH",
      "tick": "324"
    },
    {
      "state": "srs126XSpa8uzqdLzM4jG1BnCW1wbYE1u96C4scUTmuibnGcczCCSu",
      "tick": "342"
    },
    {
      "state": "srs12sQhs8r6JoKrk82XxGQaFhokB91N1K3Ht2YFw4jLhKbNsipyKS",
      "tick": "360"
    },
    {
      "state": "srs12puXSUqrm11vakdtcKheH48Dnmk3wyiE3xAu6z8nbvax6s6hcu",
      "tick": "378"
    },
    {
      "state": "srs134cDRBR1gEiAJDDN1XncEY4C8AFrrsBhCUfX5TZh8Xawfy8VDt",
      "tick": "396"
    },
    {
      "state": "srs12LJYd1TxixhnVhZnr71BQmoEaAqUH3j3qGZexs6JdbjDmoATz9",
      "tick": "414"
    },
    {
      "state": "srs11qoqBa98go2awYkjSmXgwFCMLLfxGBnSZavUG1i8CiadYdbdeT",
      "tick": "432"
    },
    {
      "state": "srs11dAgfUbtzWCbAGBubTMz6fqWAC5izYudwVBohTuw1kKUAxmGLi",
      "tick": "450"
    },
    {
      "state": "srs139ae3Y3ig8Bysc728W9zMVhAQd9JeSn6jXVRM5nkFYnEt1hEjQ",
      "tick": "468"
    },
    {
      "state": "srs1372Xvxgv7KLFmyNHQKd1kbRmVpH6gZBEN2fHbAs629XDuJ3HwB",
      "tick": "486"
    },
    {
      "state": "srs13GW6BMk5H4CsScq2TR7C7GwVL49b8ZmEPbDzBs4S57b9vzcCzh",
      "tick": "504"
    },
    {
      "state": "srs11u1EGbK6vPyBTxz6QeidmAZT92dbd7pWmTaHtGeRiV8bpMdFaA",
      "tick": "522"
    },
    {
      "tick": "540"
    },
    {
      "tick": "558"
    },
    {
      "tick": "578"
    }
  ]
}


{
  "opponent": "tz1gjaF81ZRRvdzjobyfVNsAeSC6PScjfQwN",
  "start_tick": "121",
  "end_tick": "122",
  "dissection": [
    {
      "state": "srs11hiUNu9MfjfuQrZSjb4eAq7JyVtoyXhm86trxrBmB3FR576t7r",
      "tick": "121"
    },
    {
      "state": "srs139S9otbhWyHAG2gMQtZeajJExNxheNWPvjhecwtM5X884ykAMg",
      "tick": "122"
    }
  ]
}
