

{
  "opponent": "tz1gjaF81ZRRvdzjobyfVNsAeSC6PScjfQwN",
  "start_tick": "0",
  "end_tick": "417",
  "dissection": [
    {
      "state": "srs136U2KJweAXf7Excw61Zeu5R5L7mi2TCb1WKkowQJ6UdHJ2VZWS",
      "tick": "0"
    },
    {
      "state": "srs13LkDAdzCVqJGHN2ZsjVhD4wKuE9fHj62DTAvJQn2JeTBBcHuf6",
      "tick": "13"
    },
    {
      "state": "srs12sSp6Qj3jVsUV2vjN5fLip878sqPeJe1xZRMWXcya1PUwJdotw",
      "tick": "26"
    },
    {
      "state": "srs11qz4B8om9ScNLonUYt2xRCCXiYrVSnEhstGmQR1mtNXVgd76Na",
      "tick": "39"
    },
    {
      "state": "srs12sCHEaZWFoKPG3mBQbQK828KjEUnWDyP7oryH6b2hTVd5jP3D1",
      "tick": "52"
    },
    {
      "state": "srs12x851PiWmxoSPURL9w7eFaRi43K8fXnB14ur61AdLMJ4rMLo1X",
      "tick": "65"
    },
    {
      "state": "srs13MWVTAW2b3zogN84GWEgGTuKUpRutuFokmCTyLNJJk1N4qqujD",
      "tick": "78"
    },
    {
      "state": "srs11YwcEVnTHU7TSy88Qu4159kSwjCXL4WNpLRVegyxChJMNjpmqt",
      "tick": "91"
    },
    {
      "state": "srs131AcuyhGy52Q5fw45TUK3fqfoQwwTgCFaS5VMCW6GYUgHQY53s",
      "tick": "104"
    },
    {
      "state": "srs12s9TiZcz4QEUebcb3o4tDrP1qQAhbrf1skPJBxei1ftgLMR65L",
      "tick": "117"
    },
    {
      "state": "srs12Jdh38xqRLnW7foDV52wDniG7wnsezkudkj1fhbq1QsJyfVbuL",
      "tick": "130"
    },
    {
      "state": "srs12sWp57pxuPqH3tNzVr7m74EjHTyAm8Za7Zdv9r1NwVYKk82pHJ",
      "tick": "143"
    },
    {
      "state": "srs12wWrHRw1Y9s8nUniLSPaCv37u2hjseCk7QLLiR8gkLF2vvrN8W",
      "tick": "156"
    },
    {
      "state": "srs12si3xayLHCyRGkKgUwGjgc4Ur8LTQc6TQp6JHJhktzL9cse7QA",
      "tick": "169"
    },
    {
      "state": "srs11Ztt7JHZKZAxvA3bxRwiaQJPmabQfuQx5RqNa4xSXXeAU7sc8x",
      "tick": "182"
    },
    {
      "state": "srs139mJkMzo5tPNixrhBU2LdZwdTxqryL35qkLh37wXmM8awDy2NM",
      "tick": "195"
    },
    {
      "state": "srs131TNtRPgQAz9KcBGo9zBNc8n81o4HUJhnBJpafUbGz1dTiqPBU",
      "tick": "208"
    },
    {
      "state": "srs136saATts5dMhpqfsXF9bR96XYG3ZFwPEjemVgctkcFEd4M8XqD",
      "tick": "221"
    },
    {
      "state": "srs12djGRCs6trFxhoS5Vpe4JztpMV1q7noBvX2k18CRU6LGyNDWLv",
      "tick": "234"
    },
    {
      "state": "srs121Qh51MYBsS1K8Z6WFtnfMmRtExCQJ73xx7KvRT9MHgH9E7Mrh",
      "tick": "247"
    },
    {
      "state": "srs12fxttGCazcYnBiVqqw3EdGGjGWSd5rbrf73WJPrTnJZznL57aE",
      "tick": "260"
    },
    {
      "state": "srs11UCqZzuKiFRkrFrphQx4ijCMVbSx4KwFVRLhuznvqyfhVvLocw",
      "tick": "273"
    },
    {
      "state": "srs131Sk1U8p6gouJ1Q43kEYvC9cR78cFf7jMkMjgPN4UZepBAeUCD",
      "tick": "286"
    },
    {
      "state": "srs13KUjS1VY9D6kn52sDx2fZAcFLXpxBFE9CeFSfBa2DbNDA7mXcv",
      "tick": "299"
    },
    {
      "state": "srs12tJd5fq1LtEHBFoVQpgZY5JdgKnPRjSdeBB9N96zQePxHvadZQ",
      "tick": "312"
    },
    {
      "state": "srs132pUbC4ao1jnNgofqnCGr9joGBY1UMn37WadqwGbHtMG1r9gBQ",
      "tick": "325"
    },
    {
      "state": "srs11vMP7MMfBRLvBNitem33oDFV7FCfPaHhRikomFxy3jVtV53FXd",
      "tick": "338"
    },
    {
      "state": "srs12BaTWwNh8NKpSEk4SGYawiC1s8oyJH6UKrUQLXcwW5hLkAqLPx",
      "tick": "351"
    },
    {
      "state": "srs11hgu3w9aRcLayg5kUu61CaXm1BeDVMkHitS4ZnfbuEzU73Gpcb",
      "tick": "364"
    },
    {
      "state": "srs13NL7QoCquYEkqK1dVtBWYoLGQ5g3XGCZCqDj5QbF6mwi6GjJAd",
      "tick": "377"
    },
    {
      "state": "srs136NnmLzEnNqQ64tNEiddtBPPv7iWFWtr1UVLfhtRFkmvWFxZjS",
      "tick": "390"
    },
    {
      "state": "srs12D5V9M1ZXArYpUmChoByYXrVS4CFKbmEwRWbqru1hRavwMtNuB",
      "tick": "403"
    },
    {
      "state": "srs12Nwwc8Khpd1agRqidJa8GN4hZfFT9qURuB5Bgxq2sczbomPDUX",
      "tick": "417"
    }
  ]
}


{
  "opponent": "tz1gjaF81ZRRvdzjobyfVNsAeSC6PScjfQwN",
  "start_tick": "237",
  "end_tick": "238",
  "dissection": [
    {
      "state": "srs12SamVBQSPxfGoE8gDxzSSWAheCKg6jFDevUfS5MBxqHMyALWZF",
      "tick": "237"
    },
    {
      "state": "srs11aSVLpVVTXsiNGXkR1qLQE8w4qY5Jy5oQpLU4x6a2xfNQn9WQE",
      "tick": "238"
    }
  ]
}
