
./octez-codec encode alpha.nonce from '"0000000000000000000000000000000000000000000000000000000000000000"'
0000000000000000000000000000000000000000000000000000000000000000

./octez-codec decode alpha.nonce from 0000000000000000000000000000000000000000000000000000000000000000
"0000000000000000000000000000000000000000000000000000000000000000"
