tests/test_contract_opcodes.py::TestContractOpcodes::test_contract_input_output[compare.tz-Unit-Unit-Unit]

storage
  Unit
emitted operations
  
big_map diff
  
trace
  - location: 6 (remaining gas: 1039768.619 units remaining)
    [ (Pair Unit Unit)  	 ]
  - location: 7 (remaining gas: 1039768.479 units remaining)
    [  ]
  - location: 8 (remaining gas: 1039768.339 units remaining)
    [ True  	 ]
  - location: 11 (remaining gas: 1039768.199 units remaining)
    [ True  	
      True  	 ]
  - location: 12 (remaining gas: 1039767.931 units remaining)
    [ 0  	 ]
  - location: 14 (remaining gas: 1039767.731 units remaining)
    [ True  	 ]
  - location: 16 (remaining gas: 1039767.541 units remaining)
    [  ]
  - location: -1 (remaining gas: 1039767.471 units remaining)
    [  ]
  - location: 21 (remaining gas: 1039767.331 units remaining)
    [ False  	 ]
  - location: 24 (remaining gas: 1039767.191 units remaining)
    [ False  	
      False  	 ]
  - location: 25 (remaining gas: 1039766.923 units remaining)
    [ 0  	 ]
  - location: 27 (remaining gas: 1039766.723 units remaining)
    [ True  	 ]
  - location: 29 (remaining gas: 1039766.533 units remaining)
    [  ]
  - location: -1 (remaining gas: 1039766.463 units remaining)
    [  ]
  - location: 34 (remaining gas: 1039766.323 units remaining)
    [ False  	 ]
  - location: 37 (remaining gas: 1039766.183 units remaining)
    [ True  	
      False  	 ]
  - location: 40 (remaining gas: 1039765.915 units remaining)
    [ 1  	 ]
  - location: 42 (remaining gas: 1039765.715 units remaining)
    [ True  	 ]
  - location: 44 (remaining gas: 1039765.525 units remaining)
    [  ]
  - location: -1 (remaining gas: 1039765.455 units remaining)
    [  ]
  - location: 49 (remaining gas: 1039765.315 units remaining)
    [ True  	 ]
  - location: 52 (remaining gas: 1039765.175 units remaining)
    [ False  	
      True  	 ]
  - location: 55 (remaining gas: 1039764.907 units remaining)
    [ -1  	 ]
  - location: 57 (remaining gas: 1039764.707 units remaining)
    [ True  	 ]
  - location: 59 (remaining gas: 1039764.517 units remaining)
    [  ]
  - location: -1 (remaining gas: 1039764.447 units remaining)
    [  ]
  - location: 64 (remaining gas: 1039764.307 units remaining)
    [ 0xaabbcc  	 ]
  - location: 67 (remaining gas: 1039764.167 units remaining)
    [ 0xaabbcc  	
      0xaabbcc  	 ]
  - location: 68 (remaining gas: 1039763.987 units remaining)
    [ 0  	 ]
  - location: 70 (remaining gas: 1039763.787 units remaining)
    [ True  	 ]
  - location: 72 (remaining gas: 1039763.597 units remaining)
    [  ]
  - location: -1 (remaining gas: 1039763.527 units remaining)
    [  ]
  - location: 77 (remaining gas: 1039763.387 units remaining)
    [ 0x  	 ]
  - location: 80 (remaining gas: 1039763.247 units remaining)
    [ 0x  	
      0x  	 ]
  - location: 83 (remaining gas: 1039763.067 units remaining)
    [ 0  	 ]
  - location: 85 (remaining gas: 1039762.867 units remaining)
    [ True  	 ]
  - location: 87 (remaining gas: 1039762.677 units remaining)
    [  ]
  - location: -1 (remaining gas: 1039762.607 units remaining)
    [  ]
  - location: 92 (remaining gas: 1039762.467 units remaining)
    [ 0x  	 ]
  - location: 95 (remaining gas: 1039762.327 units remaining)
    [ 0x01  	
      0x  	 ]
  - location: 98 (remaining gas: 1039762.147 units remaining)
    [ 1  	 ]
  - location: 100 (remaining gas: 1039761.947 units remaining)
    [ True  	 ]
  - location: 102 (remaining gas: 1039761.757 units remaining)
    [  ]
  - location: -1 (remaining gas: 1039761.687 units remaining)
    [  ]
  - location: 107 (remaining gas: 1039761.547 units remaining)
    [ 0x01  	 ]
  - location: 110 (remaining gas: 1039761.407 units remaining)
    [ 0x02  	
      0x01  	 ]
  - location: 113 (remaining gas: 1039761.227 units remaining)
    [ 1  	 ]
  - location: 115 (remaining gas: 1039761.027 units remaining)
    [ True  	 ]
  - location: 117 (remaining gas: 1039760.837 units remaining)
    [  ]
  - location: -1 (remaining gas: 1039760.767 units remaining)
    [  ]
  - location: 122 (remaining gas: 1039760.627 units remaining)
    [ 0x02  	 ]
  - location: 125 (remaining gas: 1039760.487 units remaining)
    [ 0x01  	
      0x02  	 ]
  - location: 128 (remaining gas: 1039760.307 units remaining)
    [ -1  	 ]
  - location: 130 (remaining gas: 1039760.107 units remaining)
    [ True  	 ]
  - location: 132 (remaining gas: 1039759.917 units remaining)
    [  ]
  - location: -1 (remaining gas: 1039759.847 units remaining)
    [  ]
  - location: 137 (remaining gas: 1039759.707 units remaining)
    [ 1  	 ]
  - location: 140 (remaining gas: 1039759.567 units remaining)
    [ 1  	
      1  	 ]
  - location: 141 (remaining gas: 1039759.357 units remaining)
    [ 0  	 ]
  - location: 143 (remaining gas: 1039759.157 units remaining)
    [ True  	 ]
  - location: 145 (remaining gas: 1039758.967 units remaining)
    [  ]
  - location: -1 (remaining gas: 1039758.897 units remaining)
    [  ]
  - location: 150 (remaining gas: 1039758.757 units remaining)
    [ 10  	 ]
  - location: 153 (remaining gas: 1039758.617 units remaining)
    [ 5  	
      10  	 ]
  - location: 156 (remaining gas: 1039758.407 units remaining)
    [ -1  	 ]
  - location: 158 (remaining gas: 1039758.207 units remaining)
    [ True  	 ]
  - location: 160 (remaining gas: 1039758.017 units remaining)
    [  ]
  - location: -1 (remaining gas: 1039757.947 units remaining)
    [  ]
  - location: 165 (remaining gas: 1039757.807 units remaining)
    [ -4  	 ]
  - location: 168 (remaining gas: 1039757.667 units remaining)
    [ 1923  	
      -4  	 ]
  - location: 171 (remaining gas: 1039757.457 units remaining)
    [ 1  	 ]
  - location: 173 (remaining gas: 1039757.257 units remaining)
    [ True  	 ]
  - location: 175 (remaining gas: 1039757.067 units remaining)
    [  ]
  - location: -1 (remaining gas: 1039756.997 units remaining)
    [  ]
  - location: 180 (remaining gas: 1039756.857 units remaining)
    [ 1  	 ]
  - location: 183 (remaining gas: 1039756.717 units remaining)
    [ 1  	
      1  	 ]
  - location: 184 (remaining gas: 1039756.507 units remaining)
    [ 0  	 ]
  - location: 186 (remaining gas: 1039756.307 units remaining)
    [ True  	 ]
  - location: 188 (remaining gas: 1039756.117 units remaining)
    [  ]
  - location: -1 (remaining gas: 1039756.047 units remaining)
    [  ]
  - location: 193 (remaining gas: 1039755.907 units remaining)
    [ 10  	 ]
  - location: 196 (remaining gas: 1039755.767 units remaining)
    [ 5  	
      10  	 ]
  - location: 199 (remaining gas: 1039755.557 units remaining)
    [ -1  	 ]
  - location: 201 (remaining gas: 1039755.357 units remaining)
    [ True  	 ]
  - location: 203 (remaining gas: 1039755.167 units remaining)
    [  ]
  - location: -1 (remaining gas: 1039755.097 units remaining)
    [  ]
  - location: 208 (remaining gas: 1039754.957 units remaining)
    [ 4  	 ]
  - location: 211 (remaining gas: 1039754.817 units remaining)
    [ 1923  	
      4  	 ]
  - location: 214 (remaining gas: 1039754.607 units remaining)
    [ 1  	 ]
  - location: 216 (remaining gas: 1039754.407 units remaining)
    [ True  	 ]
  - location: 218 (remaining gas: 1039754.217 units remaining)
    [  ]
  - location: -1 (remaining gas: 1039754.147 units remaining)
    [  ]
  - location: 223 (remaining gas: 1039754.007 units remaining)
    [ "tz1KqTpEZ7Yob7QbPE4Hy4Wo8fHG8LhKxZSx"  	 ]
  - location: 226 (remaining gas: 1039753.867 units remaining)
    [ "tz1KqTpEZ7Yob7QbPE4Hy4Wo8fHG8LhKxZSx"  	
      "tz1KqTpEZ7Yob7QbPE4Hy4Wo8fHG8LhKxZSx"  	 ]
  - location: 227 (remaining gas: 1039753.597 units remaining)
    [ 0  	 ]
  - location: 229 (remaining gas: 1039753.397 units remaining)
    [ True  	 ]
  - location: 231 (remaining gas: 1039753.207 units remaining)
    [  ]
  - location: -1 (remaining gas: 1039753.137 units remaining)
    [  ]
  - location: 236 (remaining gas: 1039752.997 units remaining)
    [ "tz1ddb9NMYHZi5UzPdzTZMYQQZoMub195zgv"  	 ]
  - location: 239 (remaining gas: 1039752.857 units remaining)
    [ "tz1KqTpEZ7Yob7QbPE4Hy4Wo8fHG8LhKxZSx"  	
      "tz1ddb9NMYHZi5UzPdzTZMYQQZoMub195zgv"  	 ]
  - location: 242 (remaining gas: 1039752.587 units remaining)
    [ -1  	 ]
  - location: 244 (remaining gas: 1039752.387 units remaining)
    [ True  	 ]
  - location: 246 (remaining gas: 1039752.197 units remaining)
    [  ]
  - location: -1 (remaining gas: 1039752.127 units remaining)
    [  ]
  - location: 251 (remaining gas: 1039751.987 units remaining)
    [ "tz1KqTpEZ7Yob7QbPE4Hy4Wo8fHG8LhKxZSx"  	 ]
  - location: 254 (remaining gas: 1039751.847 units remaining)
    [ "tz1ddb9NMYHZi5UzPdzTZMYQQZoMub195zgv"  	
      "tz1KqTpEZ7Yob7QbPE4Hy4Wo8fHG8LhKxZSx"  	 ]
  - location: 257 (remaining gas: 1039751.577 units remaining)
    [ 1  	 ]
  - location: 259 (remaining gas: 1039751.377 units remaining)
    [ True  	 ]
  - location: 261 (remaining gas: 1039751.187 units remaining)
    [  ]
  - location: -1 (remaining gas: 1039751.117 units remaining)
    [  ]
  - location: 266 (remaining gas: 1039750.977 units remaining)
    [ 1  	 ]
  - location: 269 (remaining gas: 1039750.837 units remaining)
    [ 1  	
      1  	 ]
  - location: 270 (remaining gas: 1039750.673 units remaining)
    [ 0  	 ]
  - location: 272 (remaining gas: 1039750.473 units remaining)
    [ True  	 ]
  - location: 274 (remaining gas: 1039750.283 units remaining)
    [  ]
  - location: -1 (remaining gas: 1039750.213 units remaining)
    [  ]
  - location: 279 (remaining gas: 1039750.073 units remaining)
    [ 10  	 ]
  - location: 282 (remaining gas: 1039749.933 units remaining)
    [ 5  	
      10  	 ]
  - location: 285 (remaining gas: 1039749.769 units remaining)
    [ -1  	 ]
  - location: 287 (remaining gas: 1039749.569 units remaining)
    [ True  	 ]
  - location: 289 (remaining gas: 1039749.379 units remaining)
    [  ]
  - location: -1 (remaining gas: 1039749.309 units remaining)
    [  ]
  - location: 294 (remaining gas: 1039749.169 units remaining)
    [ 4  	 ]
  - location: 297 (remaining gas: 1039749.029 units remaining)
    [ 1923  	
      4  	 ]
  - location: 300 (remaining gas: 1039748.865 units remaining)
    [ 1  	 ]
  - location: 302 (remaining gas: 1039748.665 units remaining)
    [ True  	 ]
  - location: 304 (remaining gas: 1039748.475 units remaining)
    [  ]
  - location: -1 (remaining gas: 1039748.405 units remaining)
    [  ]
  - location: 309 (remaining gas: 1039748.265 units remaining)
    [ "AABBCC"  	 ]
  - location: 312 (remaining gas: 1039748.125 units remaining)
    [ "AABBCC"  	
      "AABBCC"  	 ]
  - location: 313 (remaining gas: 1039747.945 units remaining)
    [ 0  	 ]
  - location: 315 (remaining gas: 1039747.745 units remaining)
    [ True  	 ]
  - location: 317 (remaining gas: 1039747.555 units remaining)
    [  ]
  - location: -1 (remaining gas: 1039747.485 units remaining)
    [  ]
  - location: 322 (remaining gas: 1039747.345 units remaining)
    [ ""  	 ]
  - location: 325 (remaining gas: 1039747.205 units remaining)
    [ ""  	
      ""  	 ]
  - location: 328 (remaining gas: 1039747.025 units remaining)
    [ 0  	 ]
  - location: 330 (remaining gas: 1039746.825 units remaining)
    [ True  	 ]
  - location: 332 (remaining gas: 1039746.635 units remaining)
    [  ]
  - location: -1 (remaining gas: 1039746.565 units remaining)
    [  ]
  - location: 337 (remaining gas: 1039746.425 units remaining)
    [ ""  	 ]
  - location: 340 (remaining gas: 1039746.285 units remaining)
    [ "a"  	
      ""  	 ]
  - location: 343 (remaining gas: 1039746.105 units remaining)
    [ 1  	 ]
  - location: 345 (remaining gas: 1039745.905 units remaining)
    [ True  	 ]
  - location: 347 (remaining gas: 1039745.715 units remaining)
    [  ]
  - location: -1 (remaining gas: 1039745.645 units remaining)
    [  ]
  - location: 352 (remaining gas: 1039745.505 units remaining)
    [ "a"  	 ]
  - location: 355 (remaining gas: 1039745.365 units remaining)
    [ "b"  	
      "a"  	 ]
  - location: 358 (remaining gas: 1039745.185 units remaining)
    [ 1  	 ]
  - location: 360 (remaining gas: 1039744.985 units remaining)
    [ True  	 ]
  - location: 362 (remaining gas: 1039744.795 units remaining)
    [  ]
  - location: -1 (remaining gas: 1039744.725 units remaining)
    [  ]
  - location: 367 (remaining gas: 1039744.585 units remaining)
    [ "b"  	 ]
  - location: 370 (remaining gas: 1039744.445 units remaining)
    [ "a"  	
      "b"  	 ]
  - location: 373 (remaining gas: 1039744.265 units remaining)
    [ -1  	 ]
  - location: 375 (remaining gas: 1039744.065 units remaining)
    [ True  	 ]
  - location: 377 (remaining gas: 1039743.875 units remaining)
    [  ]
  - location: -1 (remaining gas: 1039743.805 units remaining)
    [  ]
  - location: 382 (remaining gas: 1039743.665 units remaining)
    [ "2019-09-16T08:38:05Z"  	 ]
  - location: 385 (remaining gas: 1039743.525 units remaining)
    [ "2019-09-16T08:38:05Z"  	
      "2019-09-16T08:38:05Z"  	 ]
  - location: 386 (remaining gas: 1039743.325 units remaining)
    [ 0  	 ]
  - location: 388 (remaining gas: 1039743.125 units remaining)
    [ True  	 ]
  - location: 390 (remaining gas: 1039742.935 units remaining)
    [  ]
  - location: -1 (remaining gas: 1039742.865 units remaining)
    [  ]
  - location: 395 (remaining gas: 1039742.725 units remaining)
    [ "2017-09-16T08:38:04Z"  	 ]
  - location: 398 (remaining gas: 1039742.585 units remaining)
    [ "2019-09-16T08:38:05Z"  	
      "2017-09-16T08:38:04Z"  	 ]
  - location: 401 (remaining gas: 1039742.385 units remaining)
    [ 1  	 ]
  - location: 403 (remaining gas: 1039742.185 units remaining)
    [ True  	 ]
  - location: 405 (remaining gas: 1039741.995 units remaining)
    [  ]
  - location: -1 (remaining gas: 1039741.925 units remaining)
    [  ]
  - location: 410 (remaining gas: 1039741.785 units remaining)
    [ "2019-09-16T08:38:05Z"  	 ]
  - location: 413 (remaining gas: 1039741.645 units remaining)
    [ "2019-09-16T08:38:04Z"  	
      "2019-09-16T08:38:05Z"  	 ]
  - location: 416 (remaining gas: 1039741.445 units remaining)
    [ -1  	 ]
  - location: 418 (remaining gas: 1039741.245 units remaining)
    [ True  	 ]
  - location: 420 (remaining gas: 1039741.055 units remaining)
    [  ]
  - location: -1 (remaining gas: 1039740.985 units remaining)
    [  ]
  - location: 425 (remaining gas: 1039740.845 units remaining)
    [ Unit  	 ]
  - location: 426 (remaining gas: 1039740.705 units remaining)
    [ {}  	
      Unit  	 ]
  - location: 428 (remaining gas: 1039740.565 units remaining)
    [ (Pair {} Unit)  	 ]
  - location: -1 (remaining gas: 1039740.495 units remaining)
    [ (Pair {} Unit)  	 ]

