tests/test_contract_opcodes.py::TestContractOpcodes::test_contract_input_output[add.tz-Unit-Unit-Unit]

storage
  Unit
emitted operations
  
big_map diff
  
trace
  - location: 6 (remaining gas: 1039918.090 units remaining)
    [ (Pair Unit Unit)  	 ]
  - location: 7 (remaining gas: 1039917.950 units remaining)
    [ Unit  	@parameter ]
  - location: 8 (remaining gas: 1039917.810 units remaining)
    [ 2  	
      Unit  	@parameter ]
  - location: 11 (remaining gas: 1039917.670 units remaining)
    [ 2  	
      2  	
      Unit  	@parameter ]
  - location: 14 (remaining gas: 1039917.530 units remaining)
    [ 4  	
      Unit  	@parameter ]
  - location: 15 (remaining gas: 1039917.390 units remaining)
    [ 4  	
      4  	
      Unit  	@parameter ]
  - location: 20 (remaining gas: 1039917.060 units remaining)
    [ 0  	
      Unit  	@parameter ]
  - location: 21 (remaining gas: 1039916.920 units remaining)
    [ True  	
      Unit  	@parameter ]
  - location: -1 (remaining gas: 1039916.850 units remaining)
    [ True  	
      Unit  	@parameter ]
  - location: 23 (remaining gas: 1039916.660 units remaining)
    [ Unit  	@parameter ]
  - location: -1 (remaining gas: 1039916.590 units remaining)
    [ Unit  	@parameter ]
  - location: 28 (remaining gas: 1039916.450 units remaining)
    [ 2  	
      Unit  	@parameter ]
  - location: 31 (remaining gas: 1039916.310 units remaining)
    [ 2  	
      2  	
      Unit  	@parameter ]
  - location: 34 (remaining gas: 1039916.170 units remaining)
    [ 4  	
      Unit  	@parameter ]
  - location: 35 (remaining gas: 1039916.030 units remaining)
    [ 4  	
      4  	
      Unit  	@parameter ]
  - location: 40 (remaining gas: 1039915.700 units remaining)
    [ 0  	
      Unit  	@parameter ]
  - location: 41 (remaining gas: 1039915.560 units remaining)
    [ True  	
      Unit  	@parameter ]
  - location: -1 (remaining gas: 1039915.490 units remaining)
    [ True  	
      Unit  	@parameter ]
  - location: 43 (remaining gas: 1039915.300 units remaining)
    [ Unit  	@parameter ]
  - location: -1 (remaining gas: 1039915.230 units remaining)
    [ Unit  	@parameter ]
  - location: 48 (remaining gas: 1039915.090 units remaining)
    [ 2  	
      Unit  	@parameter ]
  - location: 51 (remaining gas: 1039914.950 units remaining)
    [ 2  	
      2  	
      Unit  	@parameter ]
  - location: 54 (remaining gas: 1039914.810 units remaining)
    [ 4  	
      Unit  	@parameter ]
  - location: 55 (remaining gas: 1039914.670 units remaining)
    [ 4  	
      4  	
      Unit  	@parameter ]
  - location: 60 (remaining gas: 1039914.340 units remaining)
    [ 0  	
      Unit  	@parameter ]
  - location: 61 (remaining gas: 1039914.200 units remaining)
    [ True  	
      Unit  	@parameter ]
  - location: -1 (remaining gas: 1039914.130 units remaining)
    [ True  	
      Unit  	@parameter ]
  - location: 63 (remaining gas: 1039913.940 units remaining)
    [ Unit  	@parameter ]
  - location: -1 (remaining gas: 1039913.870 units remaining)
    [ Unit  	@parameter ]
  - location: 68 (remaining gas: 1039913.730 units remaining)
    [ 2  	
      Unit  	@parameter ]
  - location: 71 (remaining gas: 1039913.590 units remaining)
    [ 2  	
      2  	
      Unit  	@parameter ]
  - location: 74 (remaining gas: 1039913.450 units remaining)
    [ 4  	
      Unit  	@parameter ]
  - location: 75 (remaining gas: 1039913.310 units remaining)
    [ 4  	
      4  	
      Unit  	@parameter ]
  - location: 80 (remaining gas: 1039912.980 units remaining)
    [ 0  	
      Unit  	@parameter ]
  - location: 81 (remaining gas: 1039912.840 units remaining)
    [ True  	
      Unit  	@parameter ]
  - location: -1 (remaining gas: 1039912.770 units remaining)
    [ True  	
      Unit  	@parameter ]
  - location: 83 (remaining gas: 1039912.580 units remaining)
    [ Unit  	@parameter ]
  - location: -1 (remaining gas: 1039912.510 units remaining)
    [ Unit  	@parameter ]
  - location: 88 (remaining gas: 1039912.370 units remaining)
    [ 2  	
      Unit  	@parameter ]
  - location: 91 (remaining gas: 1039912.230 units remaining)
    [ 2  	
      2  	
      Unit  	@parameter ]
  - location: 94 (remaining gas: 1039912.090 units remaining)
    [ 4  	
      Unit  	@parameter ]
  - location: 95 (remaining gas: 1039911.950 units remaining)
    [ 4  	
      4  	
      Unit  	@parameter ]
  - location: 100 (remaining gas: 1039911.620 units remaining)
    [ 0  	
      Unit  	@parameter ]
  - location: 101 (remaining gas: 1039911.480 units remaining)
    [ True  	
      Unit  	@parameter ]
  - location: -1 (remaining gas: 1039911.410 units remaining)
    [ True  	
      Unit  	@parameter ]
  - location: 103 (remaining gas: 1039911.220 units remaining)
    [ Unit  	@parameter ]
  - location: -1 (remaining gas: 1039911.150 units remaining)
    [ Unit  	@parameter ]
  - location: 108 (remaining gas: 1039911.010 units remaining)
    [ 60  	
      Unit  	@parameter ]
  - location: 111 (remaining gas: 1039910.870 units remaining)
    [ "2019-09-09T12:08:37Z"  	
      60  	
      Unit  	@parameter ]
  - location: 114 (remaining gas: 1039910.730 units remaining)
    [ "2019-09-09T12:09:37Z"  	
      Unit  	@parameter ]
  - location: 115 (remaining gas: 1039910.590 units remaining)
    [ "2019-09-09T12:09:37Z"  	
      "2019-09-09T12:09:37Z"  	
      Unit  	@parameter ]
  - location: 120 (remaining gas: 1039910.270 units remaining)
    [ 0  	
      Unit  	@parameter ]
  - location: 121 (remaining gas: 1039910.130 units remaining)
    [ True  	
      Unit  	@parameter ]
  - location: -1 (remaining gas: 1039910.060 units remaining)
    [ True  	
      Unit  	@parameter ]
  - location: 123 (remaining gas: 1039909.870 units remaining)
    [ Unit  	@parameter ]
  - location: -1 (remaining gas: 1039909.800 units remaining)
    [ Unit  	@parameter ]
  - location: 128 (remaining gas: 1039909.660 units remaining)
    [ "2019-09-09T12:08:37Z"  	
      Unit  	@parameter ]
  - location: 131 (remaining gas: 1039909.520 units remaining)
    [ 60  	
      "2019-09-09T12:08:37Z"  	
      Unit  	@parameter ]
  - location: 134 (remaining gas: 1039909.380 units remaining)
    [ "2019-09-09T12:09:37Z"  	
      Unit  	@parameter ]
  - location: 135 (remaining gas: 1039909.240 units remaining)
    [ "2019-09-09T12:09:37Z"  	
      "2019-09-09T12:09:37Z"  	
      Unit  	@parameter ]
  - location: 140 (remaining gas: 1039908.920 units remaining)
    [ 0  	
      Unit  	@parameter ]
  - location: 141 (remaining gas: 1039908.780 units remaining)
    [ True  	
      Unit  	@parameter ]
  - location: -1 (remaining gas: 1039908.710 units remaining)
    [ True  	
      Unit  	@parameter ]
  - location: 143 (remaining gas: 1039908.520 units remaining)
    [ Unit  	@parameter ]
  - location: -1 (remaining gas: 1039908.450 units remaining)
    [ Unit  	@parameter ]
  - location: 148 (remaining gas: 1039908.310 units remaining)
    [ 1000  	
      Unit  	@parameter ]
  - location: 151 (remaining gas: 1039908.170 units remaining)
    [ 1000  	
      1000  	
      Unit  	@parameter ]
  - location: 154 (remaining gas: 1039908.010 units remaining)
    [ 2000  	
      Unit  	@parameter ]
  - location: 155 (remaining gas: 1039907.870 units remaining)
    [ 2000  	
      2000  	
      Unit  	@parameter ]
  - location: 160 (remaining gas: 1039907.586 units remaining)
    [ 0  	
      Unit  	@parameter ]
  - location: 161 (remaining gas: 1039907.446 units remaining)
    [ True  	
      Unit  	@parameter ]
  - location: -1 (remaining gas: 1039907.376 units remaining)
    [ True  	
      Unit  	@parameter ]
  - location: 163 (remaining gas: 1039907.186 units remaining)
    [ Unit  	@parameter ]
  - location: -1 (remaining gas: 1039907.116 units remaining)
    [ Unit  	@parameter ]
  - location: 168 (remaining gas: 1039906.976 units remaining)
    [ {}  	
      Unit  	@parameter ]
  - location: 170 (remaining gas: 1039906.836 units remaining)
    [ (Pair {} Unit)  	 ]
  - location: -1 (remaining gas: 1039906.766 units remaining)
    [ (Pair {} Unit)  	 ]

