tests/test_contract_opcodes.py::TestContractOpcodes::test_contract_input_output[list_map_block.tz-{0}-{}-{}]

storage
  {}
emitted operations
  
big_map diff
  
trace
  - location: 8 (remaining gas: 1039985.580 units remaining)
    [ (Pair {} { 0 })  	 ]
  - location: 9 (remaining gas: 1039985.440 units remaining)
    [ {}  	@parameter ]
  - location: 10 (remaining gas: 1039985.300 units remaining)
    [ 0  	
      {}  	@parameter ]
  - location: 13 (remaining gas: 1039985.170 units remaining)
    [ {}  	@parameter
      0  	 ]
  - location: 14 (remaining gas: 1039984.610 units remaining)
    [ {}  	
      0  	 ]
  - location: 26 (remaining gas: 1039984.470 units remaining)
    [ {}  	
      {}  	
      0  	 ]
  - location: 28 (remaining gas: 1039984.330 units remaining)
    [ (Pair {} {})  	
      0  	 ]
  - location: 31 (remaining gas: 1039984.030 units remaining)
    [  ]
  - location: 30 (remaining gas: 1039983.960 units remaining)
    [  ]
  - location: 29 (remaining gas: 1039983.960 units remaining)
    [ (Pair {} {})  	 ]
  - location: -1 (remaining gas: 1039983.890 units remaining)
    [ (Pair {} {})  	 ]

