tests/test_contract_opcodes.py::TestContractOpcodes::test_contract_input_output[diff_timestamps.tz-111-(Pair "1970-01-01T00:03:20Z" "1970-01-01T00:00:00Z")-200]

storage
  200
emitted operations
  
big_map diff
  
trace
  - location: 8 (remaining gas: 1039639 units remaining)
    [ (Pair (Pair "1970-01-01T00:03:20Z" "1970-01-01T00:00:00Z") 111)  	 ]
  - location: 9 (remaining gas: 1039639 units remaining)
    [ (Pair "1970-01-01T00:03:20Z" "1970-01-01T00:00:00Z")  	@parameter ]
  - location: 10 (remaining gas: 1039639 units remaining)
    [ (Pair "1970-01-01T00:03:20Z" "1970-01-01T00:00:00Z")  	@parameter
      (Pair "1970-01-01T00:03:20Z" "1970-01-01T00:00:00Z")  	@parameter ]
  - location: 11 (remaining gas: 1039638 units remaining)
    [ "1970-01-01T00:03:20Z"  	
      (Pair "1970-01-01T00:03:20Z" "1970-01-01T00:00:00Z")  	@parameter ]
  - location: 14 (remaining gas: 1039637 units remaining)
    [ "1970-01-01T00:00:00Z"  	 ]
  - location: 13 (remaining gas: 1039637 units remaining)
    [ "1970-01-01T00:00:00Z"  	 ]
  - location: 12 (remaining gas: 1039637 units remaining)
    [ "1970-01-01T00:03:20Z"  	
      "1970-01-01T00:00:00Z"  	 ]
  - location: 15 (remaining gas: 1039636 units remaining)
    [ 200  	 ]
  - location: 16 (remaining gas: 1039635 units remaining)
    [ {}  	
      200  	 ]
  - location: 18 (remaining gas: 1039635 units remaining)
    [ (Pair {} 200)  	 ]
  - location: -1 (remaining gas: 1039635 units remaining)
    [ (Pair {} 200)  	 ]

